// Jest Snapshot v1, https://jestjs.io/docs/snapshot-testing

exports[`Eyebrow renders text with uppercase token style 1`] = `
<Text
  style={
    [
      {
        "fontFamily": "Inter_600SemiBold",
        "fontSize": 11,
        "letterSpacing": 1.98,
        "textTransform": "uppercase",
      },
      {
        "color": "#8A5530",
      },
    ]
  }
>
  On device
</Text>
`;
